Step 1: importing transformers
Step 2: loading tokenizer
Step 3: tokenizer ok
Step 4: loading model
python : 
At line:1 char:1
+ python test_llama.py 2>&1 | Tee-Object -FilePath test_output.txt
+ ~~~~~~~~~~~~~~~~~~~~~~~~~
    + CategoryInfo          : NotSpecified: (:String) [], RemoteException
    + FullyQualifiedErrorId : NativeCommandError
 
Loading weights:   0%|          | 0/58 [00:00<?, ?it/s]
Loading weights:   2%|1         | 1/58 [00:00<?, ?it/s, Materializing 
param=model.embed_tokens.weight]
Loading weights:   2%|1         | 1/58 [00:00<?, ?it/s, Materializing 
param=model.embed_tokens.weight]
Loading weights:   3%|3         | 2/58 [00:00<?, ?it/s, Materializing 
param=model.layers.0.input_layernorm.weight]
Loading weights:   3%|3         | 2/58 [00:00<?, ?it/s, Materializing 
param=model.layers.0.input_layernorm.weight]
Loading weights:   5%|5         | 3/58 [00:00<?, ?it/s, Materializing 
param=model.layers.0.post_attention_layernorm.weight]
Loading weights:   5%|5         | 3/58 [00:00<?, ?it/s, Materializing 
param=model.layers.0.post_attention_layernorm.weight]
Loading weights:   7%|6         | 4/58 [00:00<?, ?it/s, Materializing 
param=model.layers.1.input_layernorm.weight]         
Loading weights:   7%|6         | 4/58 [00:00<?, ?it/s, Materializing 
param=model.layers.1.input_layernorm.weight]
Loading weights:   9%|8         | 5/58 [00:00<?, ?it/s, Materializing 
param=model.layers.1.post_attention_layernorm.weight]
Loading weights:   9%|8         | 5/58 [00:00<?, ?it/s, Materializing 
param=model.layers.1.post_attention_layernorm.weight]
Loading weights:  10%|#         | 6/58 [00:00<?, ?it/s, Materializing 
param=model.layers.2.input_layernorm.weight]         
Loading weights:  10%|#         | 6/58 [00:00<?, ?it/s, Materializing 
param=model.layers.2.input_layernorm.weight]
Loading weights:  12%|#2        | 7/58 [00:00<?, ?it/s, Materializing 
param=model.layers.2.post_attention_layernorm.weight]
Loading weights:  12%|#2        | 7/58 [00:00<00:00, 665.94it/s, Materializing 
param=model.layers.2.post_attention_layernorm.weight]
Loading weights:  14%|#3        | 8/58 [00:00<00:00, 761.08it/s, Materializing 
param=model.layers.3.input_layernorm.weight]         
Loading weights:  14%|#3        | 8/58 [00:00<00:00, 761.08it/s, Materializing 
param=model.layers.3.input_layernorm.weight]
Loading weights:  16%|#5        | 9/58 [00:00<00:00, 856.21it/s, Materializing 
param=model.layers.3.post_attention_layernorm.weight]
Loading weights:  16%|#5        | 9/58 [00:00<00:00, 856.21it/s, Materializing 
param=model.layers.3.post_attention_layernorm.weight]
Loading weights:  17%|#7        | 10/58 [00:00<00:00, 951.35it/s, Materializing 
param=model.layers.4.input_layernorm.weight]        
Loading weights:  17%|#7        | 10/58 [00:00<00:00, 951.35it/s, Materializing 
param=model.layers.4.input_layernorm.weight]
Loading weights:  19%|#8        | 11/58 [00:00<00:00, 1046.48it/s, Materializing 
param=model.layers.4.post_attention_layernorm.weight]
Loading weights:  19%|#8        | 11/58 [00:00<00:00, 1046.48it/s, Materializing 
param=model.layers.4.post_attention_layernorm.weight]
Loading weights:  21%|##        | 12/58 [00:00<00:00, 1141.62it/s, Materializing 
param=model.layers.5.input_layernorm.weight]         
Loading weights:  21%|##        | 12/58 [00:00<00:00, 792.61it/s, Materializing 
param=model.layers.5.input_layernorm.weight] 
Loading weights:  22%|##2       | 13/58 [00:00<00:00, 804.53it/s, Materializing 
param=model.layers.5.post_attention_layernorm.weight]
Loading weights:  22%|##2       | 13/58 [00:00<00:00, 804.53it/s, Materializing 
param=model.layers.5.post_attention_layernorm.weight]
Loading weights:  24%|##4       | 14/58 [00:00<00:00, 816.88it/s, Materializing 
param=model.layers.6.input_layernorm.weight]         
Loading weights:  24%|##4       | 14/58 [00:00<00:00, 771.87it/s, Materializing 
param=model.layers.6.input_layernorm.weight]
Loading weights:  26%|##5       | 15/58 [00:00<00:00, 827.01it/s, Materializing 
param=model.layers.6.post_attention_layernorm.weight]
Loading weights:  26%|##5       | 15/58 [00:00<00:00, 827.01it/s, Materializing 
param=model.layers.6.post_attention_layernorm.weight]
Loading weights:  28%|##7       | 16/58 [00:00<00:00, 882.14it/s, Materializing 
param=model.layers.7.input_layernorm.weight]         
Loading weights:  28%|##7       | 16/58 [00:00<00:00, 882.14it/s, Materializing 
param=model.layers.7.input_layernorm.weight]
Loading weights:  29%|##9       | 17/58 [00:00<00:00, 888.19it/s, Materializing 
param=model.layers.7.post_attention_layernorm.weight]
Loading weights:  29%|##9       | 17/58 [00:00<00:00, 888.19it/s, Materializing 
param=model.layers.7.post_attention_layernorm.weight]
Loading weights:  31%|###1      | 18/58 [00:00<00:00, 893.81it/s, Materializing 
param=model.layers.8.input_layernorm.weight]         
Loading weights:  31%|###1      | 18/58 [00:00<00:00, 893.81it/s, Materializing 
param=model.layers.8.input_layernorm.weight]
Loading weights:  33%|###2      | 19/58 [00:00<00:00, 898.62it/s, Materializing 
param=model.layers.8.post_attention_layernorm.weight]
Loading weights:  33%|###2      | 19/58 [00:00<00:00, 858.24it/s, Materializing 
param=model.layers.8.post_attention_layernorm.weight]
Loading weights:  34%|###4      | 20/58 [00:00<00:00, 903.41it/s, Materializing 
param=model.layers.9.input_layernorm.weight]         
Loading weights:  34%|###4      | 20/58 [00:00<00:00, 864.38it/s, Materializing 
param=model.layers.9.input_layernorm.weight]
Loading weights:  36%|###6      | 21/58 [00:00<00:00, 907.60it/s, Materializing 
param=model.layers.9.post_attention_layernorm.weight]
Loading weights:  36%|###6      | 21/58 [00:00<00:00, 907.60it/s, Materializing 
param=model.layers.9.post_attention_layernorm.weight]
Loading weights:  38%|###7      | 22/58 [00:00<00:00, 911.44it/s, Materializing 
param=model.layers.10.input_layernorm.weight]        
Loading weights:  38%|###7      | 22/58 [00:00<00:00, 875.25it/s, Materializing 
param=model.layers.10.input_layernorm.weight]
Loading weights:  40%|###9      | 23/58 [00:00<00:00, 915.03it/s, Materializing 
param=model.layers.10.post_attention_layernorm.weight]
Loading weights:  40%|###9      | 23/58 [00:00<00:00, 915.03it/s, Materializing 
param=model.layers.10.post_attention_layernorm.weight]
Loading weights:  41%|####1     | 24/58 [00:00<00:00, 918.26it/s, Materializing 
param=model.layers.11.input_layernorm.weight]         
Loading weights:  41%|####1     | 24/58 [00:00<00:00, 918.26it/s, Materializing 
param=model.layers.11.input_layernorm.weight]
Loading weights:  43%|####3     | 25/58 [00:00<00:00, 921.21it/s, Materializing 
param=model.layers.11.post_attention_layernorm.weight]
Loading weights:  43%|####3     | 25/58 [00:00<00:00, 921.21it/s, Materializing 
param=model.layers.11.post_attention_layernorm.weight]
Loading weights:  45%|####4     | 26/58 [00:00<00:00, 958.06it/s, Materializing 
param=model.layers.12.input_layernorm.weight]         
Loading weights:  45%|####4     | 26/58 [00:00<00:00, 958.06it/s, Materializing 
param=model.layers.12.input_layernorm.weight]
Loading weights:  47%|####6     | 27/58 [00:00<00:00, 959.53it/s, Materializing 
param=model.layers.12.post_attention_layernorm.weight]
Loading weights:  47%|####6     | 27/58 [00:00<00:00, 959.53it/s, Materializing 
param=model.layers.12.post_attention_layernorm.weight]
Loading weights:  48%|####8     | 28/58 [00:00<00:00, 960.93it/s, Materializing 
param=model.layers.13.input_layernorm.weight]         
Loading weights:  48%|####8     | 28/58 [00:00<00:00, 960.93it/s, Materializing 
param=model.layers.13.input_layernorm.weight]
Loading weights:  50%|#####     | 29/58 [00:00<00:00, 995.25it/s, Materializing 
param=model.layers.13.post_attention_layernorm.weight]
Loading weights:  50%|#####     | 29/58 [00:00<00:00, 995.25it/s, Materializing 
param=model.layers.13.post_attention_layernorm.weight]
Loading weights:  52%|#####1    | 30/58 [00:00<00:00, 1029.57it/s, Materializing 
param=model.layers.14.input_layernorm.weight]        
Loading weights:  52%|#####1    | 30/58 [00:00<00:00, 1029.57it/s, Materializing 
param=model.layers.14.input_layernorm.weight]
Loading weights:  53%|#####3    | 31/58 [00:00<00:00, 1028.56it/s, Materializing 
param=model.layers.14.post_attention_layernorm.weight]
Loading weights:  53%|#####3    | 31/58 [00:00<00:00, 1028.56it/s, Materializing 
param=model.layers.14.post_attention_layernorm.weight]
Loading weights:  55%|#####5    | 32/58 [00:00<00:00, 1061.74it/s, Materializing 
param=model.layers.15.input_layernorm.weight]         
Loading weights:  55%|#####5    | 32/58 [00:00<00:00, 1027.72it/s, Materializing 
param=model.layers.15.input_layernorm.weight]
Loading weights:  57%|#####6    | 33/58 [00:00<00:00, 1038.33it/s, Materializing 
param=model.layers.15.post_attention_layernorm.weight]
Loading weights:  57%|#####6    | 33/58 [00:00<00:00, 1005.97it/s, Materializing 
param=model.layers.15.post_attention_layernorm.weight]
Loading weights:  59%|#####8    | 34/58 [00:00<00:00, 1006.35it/s, Materializing 
param=model.layers.16.input_layernorm.weight]         
Loading weights:  59%|#####8    | 34/58 [00:00<00:00, 977.32it/s, Materializing 
param=model.layers.16.input_layernorm.weight] 
Loading weights:  60%|######    | 35/58 [00:00<00:00, 1006.07it/s, Materializing 
param=model.layers.16.post_attention_layernorm.weight]
Loading weights:  60%|######    | 35/58 [00:00<00:00, 978.14it/s, Materializing 
param=model.layers.16.post_attention_layernorm.weight] 
Loading weights:  62%|######2   | 36/58 [00:00<00:00, 978.71it/s, Materializing 
param=model.layers.17.input_layernorm.weight]         
Loading weights:  62%|######2   | 36/58 [00:00<00:00, 978.71it/s, Materializing 
param=model.layers.17.input_layernorm.weight]
Loading weights:  64%|######3   | 37/58 [00:00<00:00, 1005.90it/s, Materializing 
param=model.layers.17.post_attention_layernorm.weight]
Loading weights:  64%|######3   | 37/58 [00:00<00:00, 1005.90it/s, Materializing 
param=model.layers.17.post_attention_layernorm.weight]
Loading weights:  66%|######5   | 38/58 [00:00<00:00, 1005.85it/s, Materializing 
param=model.layers.18.input_layernorm.weight]         
Loading weights:  66%|######5   | 38/58 [00:00<00:00, 1005.85it/s, Materializing 
param=model.layers.18.input_layernorm.weight]
Loading weights:  67%|######7   | 39/58 [00:00<00:00, 1005.30it/s, Materializing 
param=model.layers.18.post_attention_layernorm.weight]
Loading weights:  67%|######7   | 39/58 [00:00<00:00, 1005.30it/s, Materializing 
param=model.layers.18.post_attention_layernorm.weight]
Loading weights:  69%|######8   | 40/58 [00:00<00:00, 1005.59it/s, Materializing 
param=model.layers.19.input_layernorm.weight]         
Loading weights:  69%|######8   | 40/58 [00:00<00:00, 1005.59it/s, Materializing 
param=model.layers.19.input_layernorm.weight]
Loading weights:  71%|#######   | 41/58 [00:00<00:00, 1030.73it/s, Materializing 
param=model.layers.19.post_attention_layernorm.weight]
Loading weights:  71%|#######   | 41/58 [00:00<00:00, 1030.73it/s, Materializing 
param=model.layers.19.post_attention_layernorm.weight]
Loading weights:  72%|#######2  | 42/58 [00:00<00:00, 1029.87it/s, Materializing 
param=model.layers.20.input_layernorm.weight]         
Loading weights:  72%|#######2  | 42/58 [00:00<00:00, 1029.87it/s, Materializing 
param=model.layers.20.input_layernorm.weight]
Loading weights:  74%|#######4  | 43/58 [00:00<00:00, 1054.39it/s, Materializing 
param=model.layers.20.post_attention_layernorm.weight]
Loading weights:  74%|#######4  | 43/58 [00:00<00:00, 1054.39it/s, Materializing 
param=model.layers.20.post_attention_layernorm.weight]
Loading weights:  76%|#######5  | 44/58 [00:00<00:00, 1052.78it/s, Materializing 
param=model.layers.21.input_layernorm.weight]         
Loading weights:  76%|#######5  | 44/58 [00:00<00:00, 1052.78it/s, Materializing 
param=model.layers.21.input_layernorm.weight]
Loading weights:  78%|#######7  | 45/58 [00:00<00:00, 1076.70it/s, Materializing 
param=model.layers.21.post_attention_layernorm.weight]
Loading weights:  78%|#######7  | 45/58 [00:00<00:00, 1051.87it/s, Materializing 
param=model.layers.21.post_attention_layernorm.weight]
Loading weights:  79%|#######9  | 46/58 [00:00<00:00, 1075.25it/s, Materializing 
param=model.layers.22.input_layernorm.weight]         
Loading weights:  79%|#######9  | 46/58 [00:00<00:00, 1075.25it/s, Materializing 
param=model.layers.22.input_layernorm.weight]
Loading weights:  81%|########1 | 47/58 [00:00<00:00, 1098.62it/s, Materializing 
param=model.layers.22.post_attention_layernorm.weight]
Loading weights:  81%|########1 | 47/58 [00:00<00:00, 1098.62it/s, Materializing 
param=model.layers.22.post_attention_layernorm.weight]
Loading weights:  83%|########2 | 48/58 [00:00<00:00, 1096.42it/s, Materializing 
param=model.layers.23.input_layernorm.weight]         
Loading weights:  83%|########2 | 48/58 [00:00<00:00, 1096.42it/s, Materializing 
param=model.layers.23.input_layernorm.weight]
Loading weights:  84%|########4 | 49/58 [00:00<00:00, 1119.26it/s, Materializing 
param=model.layers.23.post_attention_layernorm.weight]
Loading weights:  84%|########4 | 49/58 [00:00<00:00, 1119.26it/s, Materializing 
param=model.layers.23.post_attention_layernorm.weight]
Loading weights:  86%|########6 | 50/58 [00:00<00:00, 1142.10it/s, Materializing 
param=model.layers.24.input_layernorm.weight]         
Loading weights:  86%|########6 | 50/58 [00:00<00:00, 1142.10it/s, Materializing 
param=model.layers.24.input_layernorm.weight]
Loading weights:  88%|########7 | 51/58 [00:00<00:00, 1138.81it/s, Materializing 
param=model.layers.24.post_attention_layernorm.weight]
Loading weights:  88%|########7 | 51/58 [00:00<00:00, 1138.81it/s, Materializing 
param=model.layers.24.post_attention_layernorm.weight]
Loading weights:  90%|########9 | 52/58 [00:00<00:00, 1161.14it/s, Materializing 
param=model.layers.25.input_layernorm.weight]         
Loading weights:  90%|########9 | 52/58 [00:00<00:00, 1161.14it/s, Materializing 
param=model.layers.25.input_layernorm.weight]
Loading weights:  91%|#########1| 53/58 [00:00<00:00, 1183.47it/s, Materializing 
param=model.layers.25.post_attention_layernorm.weight]
Loading weights:  91%|#########1| 53/58 [00:00<00:00, 1183.47it/s, Materializing 
param=model.layers.25.post_attention_layernorm.weight]
Loading weights:  93%|#########3| 54/58 [00:00<00:00, 1205.80it/s, Materializing 
param=model.layers.26.input_layernorm.weight]         
Loading weights:  93%|#########3| 54/58 [00:00<00:00, 1205.80it/s, Materializing 
param=model.layers.26.input_layernorm.weight]
Loading weights:  95%|#########4| 55/58 [00:00<00:00, 1201.41it/s, Materializing 
param=model.layers.26.post_attention_layernorm.weight]
Loading weights:  95%|#########4| 55/58 [00:00<00:00, 1201.41it/s, Materializing 
param=model.layers.26.post_attention_layernorm.weight]
Loading weights:  97%|#########6| 56/58 [00:00<00:00, 1223.25it/s, Materializing 
param=model.layers.27.input_layernorm.weight]         
Loading weights:  97%|#########6| 56/58 [00:00<00:00, 1223.25it/s, Materializing 
param=model.layers.27.input_layernorm.weight]
Loading weights:  98%|#########8| 57/58 [00:00<00:00, 1245.09it/s, Materializing 
param=model.layers.27.post_attention_layernorm.weight]
Loading weights:  98%|#########8| 57/58 [00:00<00:00, 1245.09it/s, Materializing 
param=model.layers.27.post_attention_layernorm.weight]
Loading weights: 100%|##########| 58/58 [00:00<00:00, 1239.86it/s, Materializing 
param=model.norm.weight]                              
Loading weights: 100%|##########| 58/58 [00:00<00:00, 1239.86it/s, Materializing 
param=model.norm.weight]
Loading weights: 100%|##########| 58/58 [00:00<00:00, 1239.86it/s, Materializing 
param=model.norm.weight]
